# Source: tekton-pipeline/templates/tekton-git-secret.yaml
apiVersion: v1
data:
  password: "ZHVtbXk="
  username: "YWRtaW4="
kind: Secret
metadata:
  name: tekton-git
  namespace: tekton-pipelines
  annotations:
    tekton.dev/git-0: "https://github.com"
  labels:
    app.kubernetes.io/component: controller
    app.kubernetes.io/instance: default
    app.kubernetes.io/part-of: tekton-pipelines
type: kubernetes.io/basic-auth
